type octile
height 288
width 225
map
TTTTTTTTTT.........................................................TTTTTTTTTTTTTTTTTTTT.................................................TTTTTTTTTTTTTTTTTTTTTTTTTTTTTTTTTTTTTTTTTTTTTTTTTTTTTTTTT................................
TTTTTTTTTT.......................................................................................................................................................................................................................
TTTTTTTTTT......................................................................................................................................................................................................................T
TTTTTTTTTT......................................................................................................................................................................................................................T
TTTTTTTTTT......................................................................................................................................................................................................................T
TTTTTTTTT.......................................................................................................................................................................................................................T
TTTTTTTTT.......................................................................................................................................................................................................................T
TTTTTTTTT.......................................................................................................................................................................................................................T
TTTTTTTT.....................................................................................................................................................................................................TT.................T
TTTTTTTT...................................................................................................................................................................................................TTTTT................T
TTTTTTTT..............................................................................................................................................................................TTTT.................TTTTT................T
TTTTTTTT.............................................................................................................................................................................TTTTT.................TTTTT...............TT
TTTTTTTT.....................................................................TTT.....................................................................................................TTTTT..................TTTT...............TT
TTTTTTTT.....................................................................TTT.....................................................................................................TTTTT.....................................TT
TTTTTTTT..............................................................................................................................................................................TTT......................................TT
TTTTTTTT...............TTTT....................................................................................................................................................................................................TT
TTTTTTTTT..............TTTT....................................................................................................................................................................................................TT
TTTTTTTTT..............TTTT....................................................................................................................................................................................................TT
TTTTTTTTT...............TT..................................................................................................................................................TT................................................TTT
TTTTTTTTT...................................................................................................................................................................TT................................................TTT
TTTTTTTTT.....................................................................................................................................................................................................................TTT
TTTTTTTTTTTTT.................................................................................................................................................................................................................TTT
TTTTTTTTTTTTTT................................................................................................................................................................................................................TTT
TTTTTTTTTTTTTT................................................................................................................................................................................................................TTT
TTTTTTTTTTTTT...................................................................................................TT.....................................................................TTTT...................................TTT
TTTTTTTTTTTTTT.................................................................................................TTTT....................................................................TTTT...................................TTT
TTTTTTTTTTTTTTT................................................................................................TTTT....................................................................TTTT...................................TTT
TTTTTTTTTTTTTTT................................................................................................TTTT....................................................................TTTT...................................TTT
TTTTTTTTTTTTTTT..............................................................................................................................................................................................................TTTT
TTTTTTTTTTTTTTT.............................................................................................................................................................TT...............................................TTTT
TTTTTTTTTTTTTTT..................................................................................................................................................TT.........TT...............................................TTTT
TTTTTTTTTTTTTTT.....................................................................TT...........................................................................TT..........................................................TTTT
TTTTTTTTTTTTTTTT...................................................................TTT.......................................................................................................................................TTTT
TTTTTTTTTTTTTTTTT...................................................................TT.......................................................................................................................................TTTT
TTTTTTTTTTTTTTTTTT......................................TTTT...................................TT............................................................................................................................TTTT
TTTTTTTTTTTTTTTTTTT......................................TTTT..................................TT.........................................................................................................TT.................TTTT
TTTTTTTTTTTT..TTTTTT.....................................T.TTT............................................................................................................................................TT.................TTTT
TTTTTTTTTTTT...TTTTT.......................................TTTT...........................................................................................................................................TTT................TTTT
TTTTTTTTTTTT.....TTTTT.....................................TTTTT.............................................................................................................................................................TTTT
TTTTTTTTTTTT.....TTTTT................T.....................TTTT.............................................................................................................................................................TTTT
TTTTTTTTTTT.....TTTTTT................T......................T..................................................................................................................................................TT...........TTTT
TTTTTTTTTTT.....TTTTTT................TT.......................................................................................................................................................................TTT...........TTTT
TTTTTTTTTT......TTTTTT.................T........................................................................................................................................................................TT...........TTTT
TTTTTTTTTT.....TTT.TTTT................T.....................................................................................................................................................................................TTTT
TTTTTTTTTT.....T...TTTTT...............TT....................................................................................................................................................................................TTTT
TTTTTTTTTT............TT.T..............T...........................................................................TTT...............TT.....................................................................................TTTT
TTTTTTTTTT.............T.TT.............T...........................................................................TTT...............TT.....................................................................................TTTT
TTTTTTTTTT................T.............TTT...............................................................................................TTTT...............................................................................TTTT
TTTTTTTTTT.................T.............TTT.........................................................................TTT..................TTTT...............................................................................TTTT
TTTTTTTTTT.................TT..........TTTTTT......................................T.................................TTT........TT........TTTT...............................................................................TTTT
TTTTTTTTTT............................TT..TTTT....................................TT......TTTTT.................................TT.........TT................................................................................TTTT
TTTTTTTTTT...........................TT...TTTT.....................T......................TT..................................................................................................................................TTT
TTTTTTTTT................T.........TTT.....TTT.....................T............................................................................TT............................................................................TTT
TTTTTTTTT.................T..TTT..TT........TTT....................T............................................................................TT............................................................................TTT
TTTTTTTTT...T.................TTTTTT..........TTTT...TTT...........T.......T.T................................................................................................................................................TTT
TTTTTTTTT......................TTT.TT............TTTTT..............TTT...TTTTTT.......................................................................................................................................TT.....TTT
TTTTTTTT............................TT...............TTTTTTTTTTTTTT...TTTTTTTTTT...T...................................................................................................................................TT.....TTT
TTTTTTTT....T........................TT...........................TTTTTTTTTTTTTTT..TT..................................................................................................................................TT.....TTT
TTTTTTTT..............................T.......................................TTTTTTT..........................................................................................................................................TT
TTTTTTTT..............................T.........................T..............TTTTTT........................TT................................................................................................................TT
TTTTTTTT............................TTT.........................T................TTTTT........TT.............TTT..............................................................TTTTTT...........................................TT
TTTTTTTT.T..........................TTT...........................................TTTTT..TTTT.TTTT..........T.TT...............................................................TTTT............................................TT
TTTTTTTTTT...........................TT.............................................TTTT.TTTTTTTTTTT...........TT.........T.....................................................TT.............................................TT
TTTTTTTTTTT..........................T...............................................TTT......TTTTTTTT........TTTT........T......................................................TTTTTTT........................................T
TTTTTTTTTT...........................T.................................................TTTTTTTTTTTTTTTT......TTTTTTT.......TT...............TT.....TT.............................TTTTTT........................................T
TTTTTTTT.TT.........................TT..............................................................TTTT..TTTTTTTTTTT.TTTT.TTTT..........TTTTTTTTTTTTTT............................TTTT.........................................T
TTTTTTTT.TT.......................TTT....................................................................TTTTTTTTTTTTTTTTT.TTTTTT.....TTTTT....TTTTTTTTT.........T..................TTTT........................................T
TTTTTTTT..T.................T.....TTT........................................................................T........TTT.......TTTT..TT.....TTT..TTTTTTT.......TTTT.................TTT..T.....................................T
TTTTTTTT..T.................TTT...T.TT.......................................................................T..........TT...........................TTTTT......TTTT..................TT.T......................................T
TTTTTTTT...................TTT.......TTT.................................................................................TT..........................TTTTTT......TT....................T........................................T
TTTTTTTT...................TT.T........TT.................................................................................TT................TT.........TT..............................TT.......................................T
TTTTTTTT...................T...T........TT.................................................................................TTT..............TT.........................................TTTT.....................................T
TTTTTTTT.......................T.........TTT.................................................................................TT........................................................TTTT.....................................T
TTTTTTTT.........................T.......TTTTT................................................................................TT.......................................................TTTTT....................................T
TTTTTTTT.........................T...........TTT...............................................................................TT......................................................TTTTTT...................................T
TTTTTTTT...................T....TTT...........TT................................................................................TT......................................................TT.TT...................................T
TTTTTTTT...................TTTT..TTT...........TT................................................................................TT.......................T..............................T......................................T
TTTTTTTT...................TTTT..TTTT...........T.................................................................................TTTTTTT..........TT.....T..............................................TTT.....................
TTTTTTTT....................TT.T.TTTTT..........TT......................................................................................T...............T..................................TT............TTT.....................
TTTTTTTT.....................T..TTTT.......T.....T......................................................................................TT..............TT..................................T....................................
TTTTTTTT.........................TTTT.....T......TTT.....................................................................................T..............TT.......................................................................
TTTTTTTT.........................TTTT........T.....TTT...................................................................................T..............T.......................................T................................
TTTTTTTT.........................TTTTTT...TTTTT......TTT...TT............................................................................T..T...........TT.......................................................................
TTTTTTTT.........................TTT.TTTT..TTTTTT.....TTTTTTTT...........................................................................TT.............TT.......................................................................
TTTTTTTT.....................................TTTTT....TT.....TTT.........................................................................TTT............TT.......................................................................
TTTTTTTTT......................................TTT.............TT........................................................................TT.......TT.....T.......................................................................
TTTTTTTTT.......................................TTT.............TTT......................................................................TT.......TT.............................................................................
TTTTTTTTT.........................................TTTT...........TTTT....................................................................TT......................................................................................
TTTTTTTTTT..........................................................TTTT.................................................................TT.......................................................................TTT............
TTTTTTTTTTTT..........................................................TTT.................................................................TT...............T......................................................TTTT...........
TTTTTTTTTTTT............................................................TT.......................................TT.......................TTT..............TT.....................................................TTT............
TTTTTTTTTTTT.............................................................TT...................................TTTTTTTT....................TTTT.............TT......................................................TT............
TTTTTTTTTTTT.........................................................T....T...................................TTTTTTTTTT..................TTTTTT............TT...................................................................
TTTTTTTTTTT..........................................................T....TT.............T...........TTTTTTTTTTTTTTTTTTTTT................TTTTTTTT...........TT..................................................................
TTTTTTTTTTT................................................................TTTTTTTTTTTTTTTTTT.....TTTTTTTTTTTTTTTTTTTTTTTTTT...............TTTTTTT...........TTT.................................................................
TTTTTTTTTTT.................................................................................TTTTTTTTTTTTTTTTTTTTTTTTTTTTTTTT................TTTTTT...........TTT.................................................................
TTTTTTTTTTTTTTTTT................T...TTTT.TT............................TTTT.....TT...TTTTTTTTTTTTTTTTTTTTTTTTTTTTTTTTTTTTTTT................TTTT.............TTT................................................................
TTTTTTTTTTTTTTTTTT.............TTTTTTTTTTTT...............TTTTTTTTTTT.TTTTTTTTTTTTTTTTTTTTTTTTTTTTTTTTTTTTTTTTTTTTTTTTTTTTTTT...................TTT............TTTTT.............................................................
TTTTTTTTTTTTTTTTTTT..........TTTTTTTT.TTTTTT............TTTTTTTTTTTTTTTTTTTTTTTTTTTTTTTTTTTTTTTTTTTT.......TTTTTTTTTTTTTTTTTT.....................TTT...........TTTTT............................................................
TTTTTTTTTTTTTTTTTTTT......TTTTTTTTTT..TTTTTT...........TTTTTTTTTTTTTTTTTTTT...................................TTTTTTTTTTTTTT........................TT..........TTTTT.T..........................................................
TTTTTTTTTT...TTTTTTTTTT.TTTT..TTTT....TTTTTT.........T.TTTTTTTTTTTTT..............................................TTTTTTTTT..........................TT..........T...............................................................
TTTTTTTTTT...TTTTTT..T..TTTTT.........TTTTT.........TT.TTTTTTTT.......................................................................................T...........T..............................................................
TTTTTTTTTT...TTT.......TTTTTTT.........TTT..........TTTTTTTTT.........................................................................................TT..........TT.............................................................
TTTTTTTTTT................TTTT....................TTTTTTTTTT...........................................................................................TT........................................................................
TTTTTTTTTTT.................TT...................TTTTTTTTT..............................................................................................T........................................................................
TTTTTTTTTTT.................TTTTT................TTTTTTT................................................................................................TT......................................................TT...............
TTTTTTTTTTTTT................TTTTT...............TTTTTT..................................................................................................TT........T............................................TTT..............
TTTTTTTTTTTTT....................TT.............TTTTTTT...................................................................................................T.......TT............................................TT...............
TTTTTTTTTTTTT.....................T.............TTTTTT....................................................................................................T.......TT.............................................................
TTTTTTTTTTTTTT..................................TTTTT.....................................................................................................T.........T............................................................
TTTTTTTTTTTTTT.................................TTTTT......................................................................................................T.........T............................................................
TTTTTTTTTTTTTTT................................TTTT.......................................................................................................TT........TT...........................................................
TTTTTTTTTTTTTTT..............................T.TTTT........................................................................................................T........TT...........................................................
TTTTTTTTTTTTTTTT.............................TTTTT.........................................................................................................T........TT...........................................................
TTTTTTTTTTTTTTTT...............................TT..........................................................................................................T........T............................................................
TTTTTTTTTTTTTTTTT.............................TT...........................................................................................................T........T............................................................
TTTTTTTTTTTTTTTTT.............................T............................................................................................................T.........TTT.......................................TTTT..............
TTTTTTTTTTTTTTTTT............................TT............................................................................................................T.........TTT.......................................TTTT..............
TTTTTTTTTTTTTTTTTT.........................TTT.............................................................................................................T.........TTT.......................................TTTT..............
TTTTTTTTTTTTTTTTTTT.......................TT...............................................................................................................T.........TTT.......................................TTT...............
TTTTTTTTTTTTTTTTTTT......................TT................................................................................................................T.........TTTT........................................................
TTTTTTTTTTTTTTTTTTTT...................TTT.................................................................................................................T..........TTTT.......................................................
TTTTTTTTTTTTTTTTTTTT..................TT...................................................................................................................T...........TTTT......................................................
TTTTTTTTTTTTTTTTTTTTT....TT......T..TTT....................................................................................................................T............TTT.T....................................................
TTTTTTTTTTTTTTTTTTTTT.....TTT....TTTT......................................................................................................................T.............TT......................................................
TTTTTTTTTTTTTTTTTTTTT.......TTTTTTTT.......................................................................................................................T..............T......................................................
TTTTTTTTTTTTTTTTTTTTT.........TTTTT.......................................................................................................................TT.....................................................................
TTTTTTTTTTTTTTTTTTTTTT.........TTTT.......................................................................................................................TT.....................................................................
TTTTTTTTTTTTTTTTTTTTTT...........TT........................................................................................................................T.....................................................................
TTTTTTTTTTTTTTTTTTTTTT............TT.......................................................................................................................T.....................................................................
TTTTTTTTTTTTTTTTTTTTTT............TT.......................................................................................................................T....T................................................................
TTTTTTTTTTTTTTTTTTTTTT.............TT.....................................................................................................................TT...TT................................................................
TTTTTTTTTTTTTTTTTTTTTT..............T.....................................................................................................................T..TTTT................................................................
TTTTTTTTTTTTTTTTTTTTTT..............T..........................................................................................................TT........TT.TTTTT................................................................
TTTTTTTTTTTTTTTTTTTTTT..............TT.........................................................................................................TT........T.TT....................................................................
TTTTTTTTTTTTTTTTTTTTT................T..................................................................................................................TT.TT.TT.................................................................
TTTTTTTTTTTTTTTTTTTTT................TT.................................................................................................................T..TTTT..................................................................
TTTTTTTTTTTTTTTTTTTTT.................T.................................................................................................................T..TT....................................................................
TTTTTTTTTTTTTTTTTTTTT.................T.................................................................................................................T..TT....................................................................
TTTTTTTTTTTTTTTTTTTTT.................T.................................................................................................................T..TT....................................................................
TTTTTTTTTTTTTTTTTTTTT.................TT................................................................................................................T..TT....................................................................
TTTTTTTTTTTTTTTTTTTTT.................TT................................................................................................................T..TT....T...............................................................
TTTTTTTTTTTTTTTTTTTTTT................TT................................................................................................................TT.TT....................................................................
TTTTTTTTTTTTTTTTTTTTTT................TTTTT..........................................................................................................T...T.TT...............T....................TTT.............................
TTTTTTTTTTTTTTTTTTTTTT.................TTTTTTT......................................................................................................TTT..T..T...............T....................TTTT............................
TTTTTTTTTTTTTTTTTTTTTTT................TT....TT.....................................................................................................TT...T..TT...................................TTTT............................
TTTTTTTTTTTTTTTTTTTTTTT.................T.....TT.........................................................................................................TT.TTT..................................TTTT............................
TTTTTTTTTTTTTTTTTTTTTTT........................TTT........................................................................................................T.TTTTT................................................................
TTTTTTTTTTTTTTTTTTTTTTT..........................TT.......................................................................................................T..TTTT................................................................
TTTTTTTTTTTTTTTTTTTTTT............................TT......................................................................................................TT...TT................................................................
TTTTTTTTTTTTTTTTTTTTTT.............................TT......................................................................................................T....TTTT.............................................................
TTTTTTTTTTTTTTTTTTTTT...............................TT.....................................................................................................TT...TTT....................................TT........................
TTTTTTTTTTTTTTTTTTTTT................................TT.....................................................................................................T...TTT...................................TTT........................
TTTTTTTTTTTTTTTTTTTTT..................................TT...................................................................................................T.....T............TT................................................
TTTTTTTTTTTTTTTTTTTTT...................................TT..................................................................................................TT....T..............................................................
TTTTTTTTTTTTTTTTTTTTT....................................TT..TT..............................................................................................T....T..............................................................
TTTTTTTTTTTTTTTTTTTT......................................TTTTT..............................................................................................TT...T............................TT................................
TTTTTTTTTTTTTTTTTTTT........................................TT.........................................................................................TT.....T...T.T............................................................
TTTTTTTTTTTTTTTTTTTT...................TTT...................TT..............................................................................................TT...T..............................................................
TTTTTTTTTTTTTTTTTTT....................TTTT...................T..............................................................................................T...TT..............................................................
TTTTTTTTTTTTTTTTTTT....................TTT.....................T.....................................................................................TTT....TT..TTT..............................................................
TTTTTTTTTTTTTTTTTT.............................................TT....................................................................................TTT...TT..TTTT...................................TT.........................
TTTTTTTTTTTTTTTTTT..............................................TT....................................................................................TT...T..TTTT....................................TT.........................
TTTTTTTTTTTTTTTTTT...............................................TTT.....................................................................................TTT...TT.....................................TT.........................
TTTTTTTTTTTTTTTTT...................................................TTT...............................................................................TTTT.....T.................................................................
TTTTTTTTTTTTTTTTT.....................................................TTT..........................................................................TTTT..........................................................................
TTTTTTTTTTTTTTTT........................................................TT......................................................................TTTT...........T....................................................TTT..........
TTTTTTTTTTTTTTTT.........................................................T................................................................TTTTTTT...............TT....................................TTT...........TTTT.........
TTTTTTTTTTTTTTT..........................................................T...............................TTTTTTTTTT................TTTTTTTT.....................TTT..................................TTTT...........TTTT.........
TTTTTTTTTTTTTTT..........................................................TT...............................T........TTTTTTTTTTTTTTTTT............................TT.T.................................TTTT...........TTT..........
TTTTTTTTTTTTTT............................................................T................................T..........................TTTTTTTTTTTTTTTTTTTT.......T.TTT...............................TTTT........................
TTTTTTTTTTTTTT............................................................T................................TTTTTTTT...................TTTTTTTTTTTTTTTTTTTTT.........TT...........................................................
TTTTTTTTTTTTT.............................................................T.......................................TTTTTTT.............TTTTTT................T....T...............................................................
TTTTTTTTTTTT..............................................................T.............................................TTTTTTTTTTTTTTTTTTTT.................T...TTT.............................................................
TTTTTTTTTTT...............................................................T...........................................................TTTTT.......................TT.............................................................
TTTTTTTTTT.....T............................TT............................T...........................................................TTTTT......T................T....T.........................................................
TTTTTTTT....................................TT............................T..............................................................T......T................................................................................
TTTTTT....................................................................TT.............................................................T.......................................................................................
TTT....T...TT..............................................................T............................................................TT.......................................................................................
.........TTT...............................................................T............................................................T........................................................................................
TTTTTTTTTTT................................................................TTTT.........................................................T........................................................................................
TTTTTTTTTT..................................................T...............TTT........................................................TT...............................................TTTTT....................................
TTTTTTTT......................................................T..............TT........................................................T................................................TTTTTT...................................
TTT...........................................................................TT.......................................................T................................................TTTTTT...................................
TTT............................................................................T.......................................................T................................................TTTTTTT..................................
TTT...........................................................TTTTTT...........TT.....................................................TT.........TT.....................................TTTTTTT..................................
TTTT..........................................................TTTTTT............TT....................................................T.........TTTT.....................................TTTTT.....................TTT...........
TTTT..........................................................TTTTTTT............TT...................................................T.........TTTT..TT....................................T......................TTT...........
TTTT...........................................................TTTTTT.............TT..................................................T.........TTT...T............................................................TTT...........
TTTT......................................T.....................TTTT...............T.................................................TT............................................................................TTT...........
TTTTT..............................................................................TT................................................T...........................................................................................
TTTTT...............................................................................TT...............................................T...........................................................................................
TTTTT................................................................................TT..............................................T................................................T..........................................
TTTTT.................................................................................TT.............................................T...............................................TT..........................................
TTTTT..................................................................................TTT...........................................T..............................................TT...........................................
TTTTT....................................................................................TT..........................................T............................................TTTT...........................................
TTTTTT....................................................................................TTTT.......................................T..........T..TTT............................TTTT...........................................
TTTTTT.......................................................................................TT......................................T..........TTTT.............................TT..............................................
TTTTTT...................................................................T....................TT.....................................T...........T..............................TTT..............................................
TTTTTT.................................TT......................................................T.....................................T...........T.............................TTTT..............................................
TTTTTT.................................TT......................................................TT....................................TTTT......T.T............................TTTTT..............................................
TTTTTT..........................................................................................T....................................TTTT......TTT...............................TT..............................................
TTTTTT.T....TT..................................................................................TT...................................TTTT......TTT...............................TT..............................................
TTTTTT...........................................................................................T...................................T.........T.T...............................TT..............................................
TTTTTT...........................................................................................TT..................................T...........T...............................TT..............................................
TTTTTT..TT........................................................................................T..................................T...........T................................T..............................................
TTTTTTT.TT........................................................................................TT.................................T..........TTT................................T.............................................
TTTTTTT.....................................................................................TT.....TT................................T..........TTT..............................................................................
TTTTTTT.....................................................................................TT......T................................TT..........................................................................................
TTTTTTT.............................................................................................T.................................T.........................................T................................................
TTTTTTTT............................................................................................TT................................T..........................................................................................
TTTTTTTT.............................................................................................T................................T.........................................................................................T
TTTTTTTT.............................................................................................TT...............................TT...............................................................TT........................
TTTTTTTT..............................................................................................T................................T..............................................................TTT.....................T..
TTTTTTTT..............................................................................................T..T.............................TT............................................................TTTT........................
TTTTTTTT..............................................................................................TT................................T..........................................................TTTTTT...................T....
TTTTTTTT...............................................................................................TT...............................TT.........................................................TTTTTT............TTTTTTTTTTTT
TTTTTTTT................................................................................................TTT..............................TT.......T.............................................T.................TTTTTTTTTTTTTT.
TTTTTTTT..................................................................................................TT..............................TT......TT.......................................T....T..........TTTT....TTTTTTTTTTTT..
TTTTTTTT...................................................................................................TT..............................T......TT........................................................TTTTT.TTTTTTTTTTTT...
TTTTTTTT..........................................................TTT.......................................TT.............................TT.....TT.........................................................TTTTTTTTTTTTTTTT....
TTTTTTTT..........................................................TTT........................................TT.............................TT....T............................................................TTTTTTTTTTTTT.....
TTTTTTTT..........................................................TTT.........................................TT.............................T....T...................................................................TTTT.......
TTTTTTTT..........................................................TTT..........................................TT............................T....T.....................................................TTTT.....................
TTTTTTTT........................................................................................................TT...........................TT.............................................T..........TTTTT...T.................
TTTTTTTTTT.......................................................................................................TT...........................T..T.........................................T..........T....T...TT................
TTTTTTTTTT...................................................................TT...................................TT..........................TT.........................................T.......................................
TTTTTTTTTT...................................................................TT....................................TT..........................T........................................TT.......................................
TTTTTTTT............................................................................................................TTT........................TT..TTT..................................TT.......................................
TTTTTTTT..................................TT.......TT.................................................................TT........................T...TTT..........................................................................
TTTTTTTT..........................T.......TT.......TT..................................................................TT....TTT................TT..T............................................................................
TTTTTTTT..........................T.......TT............................................................................TTT..TTT.................T...T...........................................................................
TTTTTTTT..................................................................................................................TT.....................TT..TT............................TT............................................
TTTTTTTTT..................................................................................................................TTT....................TT.TT...........................TT.............................................
TTTTTTTTT........T.......T...................................................................................................TTT...................T..T..........................TTTTT...........................................
TTTTTTTTT........T......TTT....................................................................................................TT..................TT.TT.....................TTTTTTT.............................................
TTTTTTTTT...............TTT...............TTTT..................................................................................TTT.................TTTT.................TTTTTTTTTTT.............................................
TTTTTTTTT.................................TTTT.................................................................................TT.TTT................TTTT................TTTTTTTTTTT.............................................
TTTTTTTTT.................................TTTT..................................................................................T...TT................TTTTT.T....TT......TTTTT...................................................
TTTTTTTTT..................................TTT.......................................................................................TTT................TTTT......TTT............................................................
TTTTTTTTT............................................................TTT.........................................................TTTTTTTT................TTTTTT..................................................................
TTTTTTTTT.........................................T..................TTT........................................TT...............T.TTTTTTT..................TTT..................................................................
TTTTTTTTT........................................TT.............................................................TT......TT.........TTTTTTTTT..................TT.................................................................
TTTTTTTTT...................................................................TT................TTTT......................TT..........TTTTTTTTT.................TT.................................................................
TTTTTTTTT.....................................................................................TTTT...................................TTTTTTTTTT...............T..................................................................
TTTTTTTTT.....................................................................................TTTT.....................................TTTTTTTTTT............TT..................................................................
TTTTTTTTT.....................................................................................TTT......................................TTTTTTT..TT...........T...................................................................
TTTTTTTTT................................................................................................................................TTTTTT..TT.........TT...................................................................
TTTTTTTTT...................................................TTT...........................................................................TTTTTT..T.........T....................................................................
TTTTTTTTT...................................................TTTT.............................................................................TTT..TT.......T.....................................................................
TTTTTTTTT...................................................TTTT.............................................................................TTT...TT.....TT.....................................................................
TTTTTTTTT.............................................TT....TTT..............................................................................TTT....TT....T......................................................................
TTTTTTTTT.............................................TT......................................................................................TT.....TT..TT......................................................................
TTTTTTTTT.............................................TT......................................................................................TT......TTTTT......................................................................
TTTTTTTTT......................................................................................................................................T......TTTT.......................................................................
TTTTTTTTT......................................................................................TTT............................TT.............TTTTT........TT.....................................................................
TTTTTTTTT......................................................................................TTT............................TTT............TTT...........TTT...................................................................
TTTTTTTTT.....................................................................................................................TTT............TTT.T...........TTT.................................................................
TTTTTTTTT.....................................................................................................................................TT...T...........TTT..............................................................T
TTTTTTTTT.....................................................................................................................................TT...T.....T.......TTT.....TTT...................................................TT
TTTTTTTTT...........................................................................................................................................TT...TT........TTT..TTTT..................................................TTT
TTTTTTTTT................................................................................................TTT.............................................TTT.........TT.TTTT.....TT....................................TTTTTTTTTT
TTTTTTTTT.................................................................................................T..............................................TTT............TTTT.....TT....................................TTTTTTTTTT
TTTTTTTTT.........................................................................................TTT....................................................TTTT....................TT...................................TTTTTTTTTTT
TTTTTTTTT.........................................................................................TTT.....................................................TT........................................................TTTTTTTTTTTT.
TTTTTTTTT..........................................................................................T.......................................................T.......................................................TTTTTTTTTTTT..
TTTTTTTTT..................................................................................................................................................TT.....................................................TTTTTTTTTTTT...
TTTTTTTTT...................................................................................................................................................TTT.............................................TT...TTTTTTTTTTTT....
TTTTTTTTT...................................................................................................................................................TTT.............................................TTT.TTTTTTTTTTTT.....
TTTTTTTTT...................................................................................................................................................TTT................................................TTTTTTTTTTTT......
TTTTTTTTT...................................................................................................................................................TTTTTTTT..........................................TTTTTT.............
TTTTTTTTT....................................................................TTTT...........................................................................TTTTTTTTTT.......................................TTTTTT..............
TTTTTTTTT....................................................................TTTT............................................................................TTTTTTTT.......................................TTTTTT...............
TTTTTTTTT....................................................................TTTT..................................................................................T.............................................................
TTTTTTTTT.....................................................................TT......................................................................................T...................................T......................
TTTTTTTTT.............................................................................................................................................................T..................................TT......................
TTTTTTTTT........................................................................................................................................................................................................................
TTTTTTTTT......................................................................................................................................TTT...............................................................................
TTTTTTTTT.............................................................................................................TTTT.....................TTT...............................................................................
TTTTTTTTT.............................................................................................................TTTT.....................TTT...............................................................................
TTTTTTTTT.............................................................................................................TTTT.....................TTT...............................................................................
TTTTTTTTT........................................................................................................................................................................................................................
TTTTTTTTT..................TT....................................................................................................................................................................................................
TTTTTTTTT.................TTT..............TTT...................................................................................................................................................................................
TTTTTTTTT..................TT..............TTT..............................................................................................................................................................TT...................
TTTTTTTTT...................................................................................................................................................................................................TT...................
TTTTTTTTT........................................................................................................................................................................................................................
TTTTTTTTT........................................................................................................................................................................................................................
